// Jest Snapshot v1, https://goo.gl/fbAQLP

exports[`Finance page should render page unchanged 1`] = `
<div>
  <div
    class="container"
  >
    <main>
      <section>
        <h2>
          Transparency Page
        </h2>
      </section>
      <section>
        <p>
          You are seeing the transparency page for 
          CHF
        </p>
        <p>
          Balance retrieved from firestore: 
          200
        </p>
      </section>
    </main>
  </div>
</div>
`;
